[2026-07-16 19:09:57] Starting MySQL backup...
mysqldump: [Warning] Using a password on the command line interface can be insecure.
[2026-07-16 19:09:58] Backup success: /root/ops-practice/backups/mysql_full_20260716_190957.sql.gz
[2026-07-16 19:09:58] Current backups:
-rw-r--r-- 1 root root 869K Jul 16 19:09 /root/ops-practice/backups/mysql_full_20260716_190957.sql.gz
[2026-07-16 19:09:58] Done.
[2026-07-16 19:11:56] Starting MySQL backup...
mysqldump: [Warning] Using a password on the command line interface can be insecure.
[2026-07-16 19:11:57] Backup success: /root/ops-practice/backups/mysql_full_20260716_191156.sql.gz
[2026-07-16 19:11:57] Current backups:
-rw-r--r-- 1 root root 869K Jul 16 19:09 /root/ops-practice/backups/mysql_full_20260716_190957.sql.gz
-rw-r--r-- 1 root root 869K Jul 16 19:11 /root/ops-practice/backups/mysql_full_20260716_191156.sql.gz
[2026-07-16 19:11:57] Done.
[2026-07-17 02:00:01] Starting MySQL backup...
mysqldump: [Warning] Using a password on the command line interface can be insecure.
[2026-07-17 02:00:02] Backup success: /root/ops-practice/backups/mysql_full_20260717_020001.sql.gz
[2026-07-17 02:00:02] Current backups:
-rw-r--r-- 1 root root 869K Jul 16 19:09 /root/ops-practice/backups/mysql_full_20260716_190957.sql.gz
-rw-r--r-- 1 root root 869K Jul 16 19:11 /root/ops-practice/backups/mysql_full_20260716_191156.sql.gz
-rw-r--r-- 1 root root 869K Jul 17 02:00 /root/ops-practice/backups/mysql_full_20260717_020001.sql.gz
[2026-07-17 02:00:02] Done.
[2026-07-17 15:00:42] Starting Redis backup...
[2026-07-17 15:00:44] Redis backup success: redis_rdb_20260717_150042.rdb.gz
[2026-07-17 15:00:44] Done.
[2026-07-18 02:00:02] Starting MySQL backup...
mysqldump: [Warning] Using a password on the command line interface can be insecure.
[2026-07-18 02:00:02] Backup success: /root/ops-practice/backups/mysql_full_20260718_020002.sql.gz
[2026-07-18 02:00:02] Current backups:
-rw-r--r-- 1 root root 869K Jul 16 19:09 /root/ops-practice/backups/mysql_full_20260716_190957.sql.gz
-rw-r--r-- 1 root root 869K Jul 16 19:11 /root/ops-practice/backups/mysql_full_20260716_191156.sql.gz
-rw-r--r-- 1 root root 869K Jul 17 02:00 /root/ops-practice/backups/mysql_full_20260717_020001.sql.gz
-rw-r--r-- 1 root root 869K Jul 18 02:00 /root/ops-practice/backups/mysql_full_20260718_020002.sql.gz
[2026-07-18 02:00:02] Done.
[2026-07-19 02:00:01] Starting MySQL backup...
mysqldump: [Warning] Using a password on the command line interface can be insecure.
[2026-07-19 02:00:02] Backup success: /root/ops-practice/backups/mysql_full_20260719_020001.sql.gz
[2026-07-19 02:00:02] Current backups:
-rw-r--r-- 1 root root 869K Jul 16 19:09 /root/ops-practice/backups/mysql_full_20260716_190957.sql.gz
-rw-r--r-- 1 root root 869K Jul 16 19:11 /root/ops-practice/backups/mysql_full_20260716_191156.sql.gz
-rw-r--r-- 1 root root 869K Jul 17 02:00 /root/ops-practice/backups/mysql_full_20260717_020001.sql.gz
-rw-r--r-- 1 root root 869K Jul 18 02:00 /root/ops-practice/backups/mysql_full_20260718_020002.sql.gz
-rw-r--r-- 1 root root 869K Jul 19 02:00 /root/ops-practice/backups/mysql_full_20260719_020001.sql.gz
[2026-07-19 02:00:02] Done.
[2026-07-20 02:00:01] Starting MySQL backup...
mysqldump: [Warning] Using a password on the command line interface can be insecure.
[2026-07-20 02:00:02] Backup success: /root/ops-practice/backups/mysql_full_20260720_020001.sql.gz
[2026-07-20 02:00:02] Current backups:
-rw-r--r-- 1 root root 869K Jul 16 19:09 /root/ops-practice/backups/mysql_full_20260716_190957.sql.gz
-rw-r--r-- 1 root root 869K Jul 16 19:11 /root/ops-practice/backups/mysql_full_20260716_191156.sql.gz
-rw-r--r-- 1 root root 869K Jul 17 02:00 /root/ops-practice/backups/mysql_full_20260717_020001.sql.gz
-rw-r--r-- 1 root root 869K Jul 18 02:00 /root/ops-practice/backups/mysql_full_20260718_020002.sql.gz
-rw-r--r-- 1 root root 869K Jul 19 02:00 /root/ops-practice/backups/mysql_full_20260719_020001.sql.gz
-rw-r--r-- 1 root root 869K Jul 20 02:00 /root/ops-practice/backups/mysql_full_20260720_020001.sql.gz
[2026-07-20 02:00:02] Done.
[2026-07-21 02:00:01] Starting MySQL backup...
mysqldump: [Warning] Using a password on the command line interface can be insecure.
[2026-07-21 02:00:02] Backup success: /root/ops-practice/backups/mysql_full_20260721_020001.sql.gz
[2026-07-21 02:00:02] Current backups:
-rw-r--r-- 1 root root 869K Jul 16 19:09 /root/ops-practice/backups/mysql_full_20260716_190957.sql.gz
-rw-r--r-- 1 root root 869K Jul 16 19:11 /root/ops-practice/backups/mysql_full_20260716_191156.sql.gz
-rw-r--r-- 1 root root 869K Jul 17 02:00 /root/ops-practice/backups/mysql_full_20260717_020001.sql.gz
-rw-r--r-- 1 root root 869K Jul 18 02:00 /root/ops-practice/backups/mysql_full_20260718_020002.sql.gz
-rw-r--r-- 1 root root 869K Jul 19 02:00 /root/ops-practice/backups/mysql_full_20260719_020001.sql.gz
-rw-r--r-- 1 root root 869K Jul 20 02:00 /root/ops-practice/backups/mysql_full_20260720_020001.sql.gz
-rw-r--r-- 1 root root 869K Jul 21 02:00 /root/ops-practice/backups/mysql_full_20260721_020001.sql.gz
[2026-07-21 02:00:02] Done.
[2026-07-22 02:00:01] Starting MySQL backup...
mysqldump: [Warning] Using a password on the command line interface can be insecure.
[2026-07-22 02:00:02] Backup success: /root/ops-practice/backups/mysql_full_20260722_020001.sql.gz
[2026-07-22 02:00:02] Current backups:
-rw-r--r-- 1 root root 869K Jul 16 19:09 /root/ops-practice/backups/mysql_full_20260716_190957.sql.gz
-rw-r--r-- 1 root root 869K Jul 16 19:11 /root/ops-practice/backups/mysql_full_20260716_191156.sql.gz
-rw-r--r-- 1 root root 869K Jul 17 02:00 /root/ops-practice/backups/mysql_full_20260717_020001.sql.gz
-rw-r--r-- 1 root root 869K Jul 18 02:00 /root/ops-practice/backups/mysql_full_20260718_020002.sql.gz
-rw-r--r-- 1 root root 869K Jul 19 02:00 /root/ops-practice/backups/mysql_full_20260719_020001.sql.gz
-rw-r--r-- 1 root root 869K Jul 20 02:00 /root/ops-practice/backups/mysql_full_20260720_020001.sql.gz
-rw-r--r-- 1 root root 869K Jul 21 02:00 /root/ops-practice/backups/mysql_full_20260721_020001.sql.gz
-rw-r--r-- 1 root root 869K Jul 22 02:00 /root/ops-practice/backups/mysql_full_20260722_020001.sql.gz
[2026-07-22 02:00:02] Done.
[2026-07-23 02:00:01] Starting MySQL backup...
mysqldump: [Warning] Using a password on the command line interface can be insecure.
[2026-07-23 02:00:02] Backup success: /root/ops-practice/backups/mysql_full_20260723_020001.sql.gz
[2026-07-23 02:00:02] Current backups:
-rw-r--r-- 1 root root 869K Jul 16 19:09 /root/ops-practice/backups/mysql_full_20260716_190957.sql.gz
-rw-r--r-- 1 root root 869K Jul 16 19:11 /root/ops-practice/backups/mysql_full_20260716_191156.sql.gz
-rw-r--r-- 1 root root 869K Jul 17 02:00 /root/ops-practice/backups/mysql_full_20260717_020001.sql.gz
-rw-r--r-- 1 root root 869K Jul 18 02:00 /root/ops-practice/backups/mysql_full_20260718_020002.sql.gz
-rw-r--r-- 1 root root 869K Jul 19 02:00 /root/ops-practice/backups/mysql_full_20260719_020001.sql.gz
-rw-r--r-- 1 root root 869K Jul 20 02:00 /root/ops-practice/backups/mysql_full_20260720_020001.sql.gz
-rw-r--r-- 1 root root 869K Jul 21 02:00 /root/ops-practice/backups/mysql_full_20260721_020001.sql.gz
-rw-r--r-- 1 root root 869K Jul 22 02:00 /root/ops-practice/backups/mysql_full_20260722_020001.sql.gz
-rw-r--r-- 1 root root 869K Jul 23 02:00 /root/ops-practice/backups/mysql_full_20260723_020001.sql.gz
[2026-07-23 02:00:02] Done.
[2026-07-24 02:00:01] Starting MySQL backup...
Error response from daemon: container ec4c63c1dc4b836cebf85deb82a9e56d533b6da9e25d312ccad83d60979b1a57 is not running
[2026-07-24 02:00:01] Backup FAILED!
[2026-07-25 02:00:02] Starting MySQL backup...
Error response from daemon: container ec4c63c1dc4b836cebf85deb82a9e56d533b6da9e25d312ccad83d60979b1a57 is not running
[2026-07-25 02:00:02] Backup FAILED!
[2026-07-26 02:00:01] Starting MySQL backup...
Error response from daemon: container ec4c63c1dc4b836cebf85deb82a9e56d533b6da9e25d312ccad83d60979b1a57 is not running
[2026-07-26 02:00:01] Backup FAILED!
[2026-07-27 02:00:01] Starting MySQL backup...
Error response from daemon: container ec4c63c1dc4b836cebf85deb82a9e56d533b6da9e25d312ccad83d60979b1a57 is not running
[2026-07-27 02:00:01] Backup FAILED!
[2026-07-28 02:00:01] Starting MySQL backup...
Error response from daemon: container ec4c63c1dc4b836cebf85deb82a9e56d533b6da9e25d312ccad83d60979b1a57 is not running
[2026-07-28 02:00:01] Backup FAILED!
[2026-07-29 02:00:02] Starting MySQL backup...
Error response from daemon: container ec4c63c1dc4b836cebf85deb82a9e56d533b6da9e25d312ccad83d60979b1a57 is not running
[2026-07-29 02:00:02] Backup FAILED!
[2026-07-30 02:00:01] Starting MySQL backup...
Error response from daemon: container ec4c63c1dc4b836cebf85deb82a9e56d533b6da9e25d312ccad83d60979b1a57 is not running
[2026-07-30 02:00:01] Backup FAILED!
[2026-07-31 02:00:01] Starting MySQL backup...
Error response from daemon: container ec4c63c1dc4b836cebf85deb82a9e56d533b6da9e25d312ccad83d60979b1a57 is not running
[2026-07-31 02:00:01] Backup FAILED!
[2026-08-01 02:00:01] Starting MySQL backup...
Error response from daemon: container ec4c63c1dc4b836cebf85deb82a9e56d533b6da9e25d312ccad83d60979b1a57 is not running
[2026-08-01 02:00:01] Backup FAILED!
[2026-08-02 02:00:01] Starting MySQL backup...
Error response from daemon: container ec4c63c1dc4b836cebf85deb82a9e56d533b6da9e25d312ccad83d60979b1a57 is not running
[2026-08-02 02:00:01] Backup FAILED!
[2026-08-03 02:00:02] Starting MySQL backup...
Error response from daemon: container ec4c63c1dc4b836cebf85deb82a9e56d533b6da9e25d312ccad83d60979b1a57 is not running
[2026-08-03 02:00:02] Backup FAILED!
[2026-08-04 02:00:01] Starting MySQL backup...
Error response from daemon: container ec4c63c1dc4b836cebf85deb82a9e56d533b6da9e25d312ccad83d60979b1a57 is not running
[2026-08-04 02:00:01] Backup FAILED!
[2026-08-05 02:00:01] Starting MySQL backup...
Error response from daemon: container ec4c63c1dc4b836cebf85deb82a9e56d533b6da9e25d312ccad83d60979b1a57 is not running
[2026-08-05 02:00:01] Backup FAILED!
[2026-08-06 02:00:01] Starting MySQL backup...
Error response from daemon: container ec4c63c1dc4b836cebf85deb82a9e56d533b6da9e25d312ccad83d60979b1a57 is not running
[2026-08-06 02:00:01] Backup FAILED!
[2026-08-07 02:00:02] Starting MySQL backup...
Error response from daemon: container ec4c63c1dc4b836cebf85deb82a9e56d533b6da9e25d312ccad83d60979b1a57 is not running
[2026-08-07 02:00:02] Backup FAILED!
[2026-08-08 02:00:02] Starting MySQL backup...
Error response from daemon: container ec4c63c1dc4b836cebf85deb82a9e56d533b6da9e25d312ccad83d60979b1a57 is not running
[2026-08-08 02:00:02] Backup FAILED!
[2026-08-09 02:00:01] Starting MySQL backup...
Error response from daemon: container ec4c63c1dc4b836cebf85deb82a9e56d533b6da9e25d312ccad83d60979b1a57 is not running
[2026-08-09 02:00:02] Backup FAILED!
[2026-08-10 02:00:01] Starting MySQL backup...
Error response from daemon: container ec4c63c1dc4b836cebf85deb82a9e56d533b6da9e25d312ccad83d60979b1a57 is not running
[2026-08-10 02:00:01] Backup FAILED!
[2026-08-11 02:00:01] Starting MySQL backup...
Error response from daemon: container ec4c63c1dc4b836cebf85deb82a9e56d533b6da9e25d312ccad83d60979b1a57 is not running
[2026-08-11 02:00:01] Backup FAILED!
[2026-08-12 02:00:01] Starting MySQL backup...
Error response from daemon: container ec4c63c1dc4b836cebf85deb82a9e56d533b6da9e25d312ccad83d60979b1a57 is not running
[2026-08-12 02:00:01] Backup FAILED!
[2026-08-13 02:00:01] Starting MySQL backup...
Error response from daemon: container ec4c63c1dc4b836cebf85deb82a9e56d533b6da9e25d312ccad83d60979b1a57 is not running
[2026-08-13 02:00:01] Backup FAILED!
[2026-08-14 02:00:01] Starting MySQL backup...
Error response from daemon: container ec4c63c1dc4b836cebf85deb82a9e56d533b6da9e25d312ccad83d60979b1a57 is not running
[2026-08-14 02:00:01] Backup FAILED!
[2026-08-15 02:00:01] Starting MySQL backup...
Error response from daemon: container ec4c63c1dc4b836cebf85deb82a9e56d533b6da9e25d312ccad83d60979b1a57 is not running
[2026-08-15 02:00:01] Backup FAILED!
[2026-08-16 02:00:01] Starting MySQL backup...
Error response from daemon: container ec4c63c1dc4b836cebf85deb82a9e56d533b6da9e25d312ccad83d60979b1a57 is not running
[2026-08-16 02:00:01] Backup FAILED!
[2026-08-17 02:00:01] Starting MySQL backup...
Error response from daemon: container ec4c63c1dc4b836cebf85deb82a9e56d533b6da9e25d312ccad83d60979b1a57 is not running
[2026-08-17 02:00:01] Backup FAILED!
[2026-08-18 02:00:01] Starting MySQL backup...
Error response from daemon: container ec4c63c1dc4b836cebf85deb82a9e56d533b6da9e25d312ccad83d60979b1a57 is not running
[2026-08-18 02:00:01] Backup FAILED!
[2026-08-19 02:00:01] Starting MySQL backup...
Error response from daemon: container ec4c63c1dc4b836cebf85deb82a9e56d533b6da9e25d312ccad83d60979b1a57 is not running
[2026-08-19 02:00:01] Backup FAILED!
[2026-08-20 02:00:01] Starting MySQL backup...
Error response from daemon: container ec4c63c1dc4b836cebf85deb82a9e56d533b6da9e25d312ccad83d60979b1a57 is not running
[2026-08-20 02:00:01] Backup FAILED!
[2026-08-21 02:00:01] Starting MySQL backup...
Error response from daemon: container ec4c63c1dc4b836cebf85deb82a9e56d533b6da9e25d312ccad83d60979b1a57 is not running
[2026-08-21 02:00:02] Backup FAILED!
[2026-08-22 02:00:01] Starting MySQL backup...
Error response from daemon: container ec4c63c1dc4b836cebf85deb82a9e56d533b6da9e25d312ccad83d60979b1a57 is not running
[2026-08-22 02:00:01] Backup FAILED!
[2026-08-23 02:00:01] Starting MySQL backup...
Error response from daemon: container ec4c63c1dc4b836cebf85deb82a9e56d533b6da9e25d312ccad83d60979b1a57 is not running
[2026-08-23 02:00:01] Backup FAILED!
[2026-08-24 02:00:01] Starting MySQL backup...
Error response from daemon: container ec4c63c1dc4b836cebf85deb82a9e56d533b6da9e25d312ccad83d60979b1a57 is not running
[2026-08-24 02:00:01] Backup FAILED!
[2026-08-25 02:00:02] Starting MySQL backup...
Error response from daemon: container ec4c63c1dc4b836cebf85deb82a9e56d533b6da9e25d312ccad83d60979b1a57 is not running
[2026-08-25 02:00:02] Backup FAILED!
[2026-08-26 02:00:01] Starting MySQL backup...
Error response from daemon: container ec4c63c1dc4b836cebf85deb82a9e56d533b6da9e25d312ccad83d60979b1a57 is not running
[2026-08-26 02:00:01] Backup FAILED!
[2026-08-27 02:00:02] Starting MySQL backup...
Error response from daemon: container ec4c63c1dc4b836cebf85deb82a9e56d533b6da9e25d312ccad83d60979b1a57 is not running
[2026-08-27 02:00:02] Backup FAILED!
[2026-08-28 02:00:01] Starting MySQL backup...
Error response from daemon: container ec4c63c1dc4b836cebf85deb82a9e56d533b6da9e25d312ccad83d60979b1a57 is not running
[2026-08-28 02:00:01] Backup FAILED!
[2026-08-29 02:00:01] Starting MySQL backup...
Error response from daemon: container ec4c63c1dc4b836cebf85deb82a9e56d533b6da9e25d312ccad83d60979b1a57 is not running
[2026-08-29 02:00:01] Backup FAILED!
[2026-08-30 02:00:01] Starting MySQL backup...
Error response from daemon: container ec4c63c1dc4b836cebf85deb82a9e56d533b6da9e25d312ccad83d60979b1a57 is not running
[2026-08-30 02:00:01] Backup FAILED!
[2026-08-31 02:00:01] Starting MySQL backup...
Error response from daemon: container ec4c63c1dc4b836cebf85deb82a9e56d533b6da9e25d312ccad83d60979b1a57 is not running
[2026-08-31 02:00:01] Backup FAILED!
[2026-09-01 02:00:01] Starting MySQL backup...
Error response from daemon: container ec4c63c1dc4b836cebf85deb82a9e56d533b6da9e25d312ccad83d60979b1a57 is not running
[2026-09-01 02:00:01] Backup FAILED!
[2026-09-02 02:00:01] Starting MySQL backup...
Error response from daemon: container ec4c63c1dc4b836cebf85deb82a9e56d533b6da9e25d312ccad83d60979b1a57 is not running
[2026-09-02 02:00:01] Backup FAILED!
[2026-09-03 02:00:01] Starting MySQL backup...
Error response from daemon: container ec4c63c1dc4b836cebf85deb82a9e56d533b6da9e25d312ccad83d60979b1a57 is not running
[2026-09-03 02:00:01] Backup FAILED!
[2026-09-04 02:00:01] Starting MySQL backup...
Error response from daemon: container ec4c63c1dc4b836cebf85deb82a9e56d533b6da9e25d312ccad83d60979b1a57 is not running
[2026-09-04 02:00:01] Backup FAILED!
[2026-09-05 02:00:01] Starting MySQL backup...
Error response from daemon: container ec4c63c1dc4b836cebf85deb82a9e56d533b6da9e25d312ccad83d60979b1a57 is not running
[2026-09-05 02:00:01] Backup FAILED!
[2026-09-06 02:00:01] Starting MySQL backup...
Error response from daemon: container ec4c63c1dc4b836cebf85deb82a9e56d533b6da9e25d312ccad83d60979b1a57 is not running
[2026-09-06 02:00:01] Backup FAILED!
[2026-09-07 02:00:02] Starting MySQL backup...
Error response from daemon: container ec4c63c1dc4b836cebf85deb82a9e56d533b6da9e25d312ccad83d60979b1a57 is not running
[2026-09-07 02:00:02] Backup FAILED!
[2026-09-08 02:00:01] Starting MySQL backup...
Error response from daemon: container ec4c63c1dc4b836cebf85deb82a9e56d533b6da9e25d312ccad83d60979b1a57 is not running
[2026-09-08 02:00:01] Backup FAILED!
[2026-09-09 02:00:01] Starting MySQL backup...
Error response from daemon: container ec4c63c1dc4b836cebf85deb82a9e56d533b6da9e25d312ccad83d60979b1a57 is not running
[2026-09-09 02:00:01] Backup FAILED!
[2026-09-10 02:00:01] Starting MySQL backup...
Error response from daemon: container ec4c63c1dc4b836cebf85deb82a9e56d533b6da9e25d312ccad83d60979b1a57 is not running
[2026-09-10 02:00:02] Backup FAILED!
[2026-09-11 02:00:01] Starting MySQL backup...
Error response from daemon: container ec4c63c1dc4b836cebf85deb82a9e56d533b6da9e25d312ccad83d60979b1a57 is not running
[2026-09-11 02:00:01] Backup FAILED!
[2026-09-12 02:00:01] Starting MySQL backup...
Error response from daemon: container ec4c63c1dc4b836cebf85deb82a9e56d533b6da9e25d312ccad83d60979b1a57 is not running
[2026-09-12 02:00:01] Backup FAILED!
[2026-09-13 02:00:01] Starting MySQL backup...
Error response from daemon: container ec4c63c1dc4b836cebf85deb82a9e56d533b6da9e25d312ccad83d60979b1a57 is not running
[2026-09-13 02:00:01] Backup FAILED!
[2026-09-14 02:00:01] Starting MySQL backup...
Error response from daemon: container ec4c63c1dc4b836cebf85deb82a9e56d533b6da9e25d312ccad83d60979b1a57 is not running
[2026-09-14 02:00:01] Backup FAILED!
[2026-09-15 02:00:01] Starting MySQL backup...
Error response from daemon: container ec4c63c1dc4b836cebf85deb82a9e56d533b6da9e25d312ccad83d60979b1a57 is not running
[2026-09-15 02:00:01] Backup FAILED!
[2026-09-16 02:00:01] Starting MySQL backup...
Error response from daemon: container ec4c63c1dc4b836cebf85deb82a9e56d533b6da9e25d312ccad83d60979b1a57 is not running
[2026-09-16 02:00:01] Backup FAILED!
[2026-09-17 02:00:01] Starting MySQL backup...
Error response from daemon: container ec4c63c1dc4b836cebf85deb82a9e56d533b6da9e25d312ccad83d60979b1a57 is not running
[2026-09-17 02:00:01] Backup FAILED!
[2026-09-18 02:00:01] Starting MySQL backup...
Error response from daemon: container ec4c63c1dc4b836cebf85deb82a9e56d533b6da9e25d312ccad83d60979b1a57 is not running
[2026-09-18 02:00:01] Backup FAILED!
[2026-09-19 02:00:01] Starting MySQL backup...
Error response from daemon: container ec4c63c1dc4b836cebf85deb82a9e56d533b6da9e25d312ccad83d60979b1a57 is not running
[2026-09-19 02:00:01] Backup FAILED!
[2026-09-20 02:00:01] Starting MySQL backup...
Error response from daemon: container ec4c63c1dc4b836cebf85deb82a9e56d533b6da9e25d312ccad83d60979b1a57 is not running
[2026-09-20 02:00:01] Backup FAILED!
[2026-09-21 02:00:01] Starting MySQL backup...
Error response from daemon: container ec4c63c1dc4b836cebf85deb82a9e56d533b6da9e25d312ccad83d60979b1a57 is not running
[2026-09-21 02:00:01] Backup FAILED!
[2026-09-22 02:00:01] Starting MySQL backup...
Error response from daemon: container ec4c63c1dc4b836cebf85deb82a9e56d533b6da9e25d312ccad83d60979b1a57 is not running
[2026-09-22 02:00:01] Backup FAILED!
[2026-09-23 02:00:01] Starting MySQL backup...
Error response from daemon: container ec4c63c1dc4b836cebf85deb82a9e56d533b6da9e25d312ccad83d60979b1a57 is not running
[2026-09-23 02:00:01] Backup FAILED!
[2026-09-24 02:00:01] Starting MySQL backup...
Error response from daemon: container ec4c63c1dc4b836cebf85deb82a9e56d533b6da9e25d312ccad83d60979b1a57 is not running
[2026-09-24 02:00:02] Backup FAILED!
[2026-09-25 02:00:01] Starting MySQL backup...
Error response from daemon: container ec4c63c1dc4b836cebf85deb82a9e56d533b6da9e25d312ccad83d60979b1a57 is not running
[2026-09-25 02:00:01] Backup FAILED!
[2026-09-26 02:00:01] Starting MySQL backup...
Error response from daemon: container ec4c63c1dc4b836cebf85deb82a9e56d533b6da9e25d312ccad83d60979b1a57 is not running
[2026-09-26 02:00:01] Backup FAILED!
[2026-09-27 02:00:01] Starting MySQL backup...
Error response from daemon: container ec4c63c1dc4b836cebf85deb82a9e56d533b6da9e25d312ccad83d60979b1a57 is not running
[2026-09-27 02:00:01] Backup FAILED!
[2026-09-28 02:00:02] Starting MySQL backup...
Error response from daemon: container ec4c63c1dc4b836cebf85deb82a9e56d533b6da9e25d312ccad83d60979b1a57 is not running
[2026-09-28 02:00:02] Backup FAILED!
[2026-09-29 02:00:01] Starting MySQL backup...
Error response from daemon: container ec4c63c1dc4b836cebf85deb82a9e56d533b6da9e25d312ccad83d60979b1a57 is not running
[2026-09-29 02:00:01] Backup FAILED!
[2026-09-30 02:00:01] Starting MySQL backup...
Error response from daemon: container ec4c63c1dc4b836cebf85deb82a9e56d533b6da9e25d312ccad83d60979b1a57 is not running
[2026-09-30 02:00:01] Backup FAILED!
[2026-10-01 02:00:01] Starting MySQL backup...
Error response from daemon: container ec4c63c1dc4b836cebf85deb82a9e56d533b6da9e25d312ccad83d60979b1a57 is not running
[2026-10-01 02:00:01] Backup FAILED!
[2026-10-02 02:00:01] Starting MySQL backup...
Error response from daemon: container ec4c63c1dc4b836cebf85deb82a9e56d533b6da9e25d312ccad83d60979b1a57 is not running
[2026-10-02 02:00:02] Backup FAILED!
[2026-10-03 02:00:01] Starting MySQL backup...
Error response from daemon: container ec4c63c1dc4b836cebf85deb82a9e56d533b6da9e25d312ccad83d60979b1a57 is not running
[2026-10-03 02:00:01] Backup FAILED!
[2026-10-04 02:00:01] Starting MySQL backup...
Error response from daemon: container ec4c63c1dc4b836cebf85deb82a9e56d533b6da9e25d312ccad83d60979b1a57 is not running
[2026-10-04 02:00:01] Backup FAILED!
[2026-10-05 02:00:01] Starting MySQL backup...
Error response from daemon: container ec4c63c1dc4b836cebf85deb82a9e56d533b6da9e25d312ccad83d60979b1a57 is not running
[2026-10-05 02:00:01] Backup FAILED!
